
> frontend@0.0.0 build
> ng build

Γ¥» Building...
Γ£ö Building...
Initial chunk files | Names         |  Raw size | Estimated transfer size
main-M4L2IQPR.js    | main          | 459.94 kB |               121.84 kB
styles-VFI3IP3N.css | styles        | 184 bytes |               184 bytes

                    | Initial total | 460.13 kB |               122.02 kB

Application bundle generation failed. [18.725 seconds] - 2026-02-23T15:58:21.256Z

docker : Γû▓ [WARNING] angular:styles/component:scss;
0f24a39c7fd9f114f1875e2ddbd28355b96fbc82288c7808a2107
8c95a03a57d;/app/src/app/components/instrument-card/i
nstrument-card.component.ts exceeded maximum budget. 
Budget 4.00 kB was not met by 5.68 kB with a total 
of 9.68 kB.
At line:1 char:1
+ docker run --rm market-analyser-frontend-env npm 
run build > build_ou ...
+ ~~~~~~~~~~~~~~~~~~~~~~~~~~~~~~~~~~~~~~~~~~~~~~~~~~~
~~~~~~~~~~~~~~~~~~
    + CategoryInfo          : NotSpecified: (Γû▓ [WA 
   RNING] a...tal of 9.68 kB.:String) [], RemoteExc  
  eption
    + FullyQualifiedErrorId : NativeCommandError
 


Γû▓ [WARNING] src/app/app.scss exceeded maximum 
budget. Budget 4.00 kB was not met by 729 bytes with 
a total of 4.73 kB.


Γ£ÿ [ERROR] angular:styles/component:scss;0f24a39c7fd
9f114f1875e2ddbd28355b96fbc82288c7808a21078c95a03a57d
;/app/src/app/components/instrument-card/instrument-c
ard.component.ts exceeded maximum budget. Budget 
8.00 kB was not met by 1.68 kB with a total of 9.68 
kB.


